// Jest Snapshot v1, https://goo.gl/fbAQLP

exports[`Layout > header-nav matches the snapshot 1`] = `
"<div data-app=\\"true\\" class=\\"v-application v-application--is-ltr theme--light\\" id=\\"app\\">
  <div class=\\"v-application--wrap\\">
    <header class=\\"v-sheet theme--dark v-toolbar v-app-bar v-app-bar--clipped v-app-bar--fixed secondary\\" style=\\"height: 64px; margin-top: 0px; transform: translateY(0px); left: 0px; right: 0px;\\">
      <div class=\\"v-toolbar__content\\" style=\\"height: 64px;\\"><button type=\\"button\\" class=\\"v-app-bar__nav-icon v-btn v-btn--flat v-btn--icon v-btn--round theme--dark v-size--default\\"><span class=\\"v-btn__content\\"><i aria-hidden=\\"true\\" class=\\"v-icon notranslate mdi mdi-menu theme--dark\\"></i></span></button></div>
    </header>
    <nav class=\\"v-navigation-drawer v-navigation-drawer--clipped v-navigation-drawer--close v-navigation-drawer--fixed v-navigation-drawer--is-mobile theme--light\\" style=\\"height: 100vh; top: 0px; transform: translateX(-100%); width: 256px;\\">
      <div class=\\"v-navigation-drawer__content\\">
        <div class=\\"v-list v-sheet theme--light\\"><a tabindex=\\"0\\" class=\\"v-list-item v-list-item--link theme--light\\">
            <div class=\\"v-list-item__action\\"><i aria-hidden=\\"true\\" class=\\"v-icon notranslate material-icons theme--light\\">home</i></div>
            <div class=\\"v-list-item__content\\">
              Home
            </div>
          </a> <a tabindex=\\"0\\" class=\\"v-list-item v-list-item--link theme--light\\">
            <div class=\\"v-list-item__action\\"><i aria-hidden=\\"true\\" class=\\"v-icon notranslate material-icons theme--light\\">dashboard</i></div>
            <div class=\\"v-list-item__content\\">
              Test
            </div>
          </a></div>
      </div>
      <div class=\\"v-navigation-drawer__border\\"></div>
    </nav>
    <main class=\\"v-main\\" style=\\"padding: 64px 0px 0px 0px;\\">
      <div class=\\"v-main__wrap\\">
        <div></div>
      </div>
    </main>
  </div>
</div>"
`;
