// Jest Snapshot v1, https://goo.gl/fbAQLP

exports[`Page > test matches the snapshot 1`] = `
"<div class=\\"container\\">
  <h1>Test Page</h1>
</div>"
`;
